Microchip MPLAB XC8 Compiler V2.10 ()

Linker command line:

-W-3 --edf=C:\Program Files (x86)\Microchip\xc8\v2.10\pic\dat\en_msgs.txt \
  -cs -h+dist/default/production\RSXA-4P_4to20mA_0to40_00.X.production.sym \
  --cmf=dist/default/production\RSXA-4P_4to20mA_0to40_00.X.production.cmf \
  -z -Q18F26K22 -oC:\Users\VAIB\AppData\Local\Temp\s3e0.2 \
  --defsym=__MPLAB_BUILD=1 \
  -Mdist/default/production/RSXA-4P_4to20mA_0to40_00.X.production.map -E1 \
  -ver=XC8 --acfsm=1493 -ASTACK=0158h-0F37h -pstack=STACK -ACODE=00h-0FFFFh \
  -ACONST=00h-0FFFFh -ASMALLCONST=01000h-010FFhx240 \
  -AMEDIUMCONST=01000h-0FFFFh -ACOMRAM=01h-05Fh -AABS1=00h-0F37h \
  -ABIGRAM=01h-0F37h -ARAM=060h-0FFh,0100h-01FFhx14,0F00h-0F37h \
  -ABANK0=060h-0FFh -ABANK1=0100h-01FFh -ABANK2=0200h-02FFh \
  -ABANK3=0300h-03FFh -ABANK4=0400h-04FFh -ABANK5=0500h-05FFh \
  -ABANK6=0600h-06FFh -ABANK7=0700h-07FFh -ABANK8=0800h-08FFh \
  -ABANK9=0900h-09FFh -ABANK10=0A00h-0AFFh -ABANK11=0B00h-0BFFh \
  -ABANK12=0C00h-0CFFh -ABANK13=0D00h-0DFFh -ABANK14=0E00h-0EFFh \
  -ABANK15=0F00h-0F37h -ASFR=0F38h-0F5Fh,0F60h-0FFFh \
  -preset_vec=00h,intcode=08h,intcodelo,powerup,init -pramtop=01000h \
  -psmallconst=SMALLCONST -pmediumconst=MEDIUMCONST -pconst=CONST \
  -AFARRAM=00h-00h -ACONFIG=0300000h-030000Dh -pconfig=CONFIG \
  -AIDLOC=0200000h-0200007h -pidloc=IDLOC -AEEDATA=0F00000h-0F003FFh \
  -peeprom_data=EEDATA \
  -prdata=COMRAM,nvrram=COMRAM,nvbit=COMRAM,rbss=COMRAM,rbit=COMRAM \
  -pfarbss=FARRAM,fardata=FARRAM,nvFARRAM=FARRAM \
  -pintsave_regs=BIGRAM,bigbss=BIGRAM,bigdata=BIGRAM -pbss=RAM \
  -pidata=CODE,irdata=CODE,ibigdata=CODE,ifardata=CODE -prparam=COMRAM \
  C:\Users\VAIB\AppData\Local\Temp\s3e0.o \
  dist/default/production\RSXA-4P_4to20mA_0to40_00.X.production.o 

Object code version is 3.11

Machine type is 18F26K22

Call graph: (short form)




                Name                               Link     Load   Length Selector   Space Scale
C:\Users\VAIB\AppData\Local\Temp\s3e0.o
                init                                 4C       4C        4        4       0
                reset_vec                             0        0        4        0       0
                idloc                            200000   200000        8   200000       0
                config                           300000   300000        E   300000       0
dist/default/production\RSXA-4P_4to20mA_0to40_00.X.production.o
                intcode                               8        8       44        4       0
                temp                                 5B       5B        1        1       1
                text44                             3E8A     3E8A       28        4       0
                text43                             3A22     3A22       A6        4       0
                text42                             3FAE     3FAE        2        4       0
                text41                             3DBC     3DBC       3E        4       0
                text39                             3DFA     3DFA       3A        4       0
                text38                             3F0C     3F0C       18        4       0
                text37                             3D7C     3D7C       40        4       0
                text36                             3AC8     3AC8       8A        4       0
                text35                             3F3A     3F3A       16        4       0
                text34                             3F78     3F78       10        4       0
                text33                             3FAA     3FAA        4        4       0
                text32                             3EF0     3EF0       1C        4       0
                text31                             3E34     3E34       2C        4       0
                text30                             3F24     3F24       16        4       0
                text29                             3F94     3F94        A        4       0
                text28                             3E60     3E60       2A        4       0
                text27                             3ED4     3ED4       1C        4       0
                text26                             3EB2     3EB2       22        4       0
                text25                             3F64     3F64       14        4       0
                text24                             3FA6     3FA6        4        4       0
                text23                             3F50     3F50       14        4       0
                text22                             3F88     3F88        C        4       0
                text21                             35B6     35B6      104        4       0
                text20                             2C02     2C02      28A        4       0
                text19                             339E     339E      112        4       0
                text18                             328C     328C      112        4       0
                text17                             395E     395E       C4        4       0
                text16                             36BA     36BA       FC        4       0
                text15                             316A     316A      122        4       0
                text14                             389A     389A       C4        4       0
                text13                             1F7E     1F7E      4C0        4       0
                text12                             2868     2868      39A        4       0
                text11                             243E     243E      42A        4       0
                text10                             34B0     34B0      106        4       0
                text9                              2E8C     2E8C      1B4        4       0
                text8                              3D38     3D38       44        4       0
                text7                              3B52     3B52       74        4       0
                text6                              3C38     3C38       64        4       0
                text5                              3C9C     3C9C       56        4       0
                text4                              13A0     13A0      BDE        4       0
                text3                              3CF2     3CF2       46        4       0
                text2                              37B6     37B6       E4        4       0
                text1                              3040     3040      12A        4       0
                text0                                50       50     1350        4       0
                cstackCOMRAM                          1        1       54        1       1
                cstackBANK0                          D4       D4       20       60       1
                cstackBANK1                         148      148        C      100       1
                dataBANK1                           154      154        4      100       1
                bssBANK1                            100      100       48      100       1
                dataBANK0                            F4       F4        4       60       1
                bssBANK0                             60       60       74       60       1
                bssCOMRAM                            55       55        6        1       1
                cinit                              3BC6     3BC6       72        4       0
                idataBANK1                         3FA2     3FA2        4        4       0
                idataBANK0                         3F9E     3F9E        4        4       0

TOTAL           Name                               Link     Load   Length     Space
        CLASS   STACK          

        CLASS   CODE           
                intcode                               8        8       44         0
                init                                 4C       4C        4         0
                reset_vec                             0        0        4         0
                text44                             3E8A     3E8A       28         0
                text43                             3A22     3A22       A6         0
                text42                             3FAE     3FAE        2         0
                text41                             3DBC     3DBC       3E         0
                text39                             3DFA     3DFA       3A         0
                text38                             3F0C     3F0C       18         0
                text37                             3D7C     3D7C       40         0
                text36                             3AC8     3AC8       8A         0
                text35                             3F3A     3F3A       16         0
                text34                             3F78     3F78       10         0
                text33                             3FAA     3FAA        4         0
                text32                             3EF0     3EF0       1C         0
                text31                             3E34     3E34       2C         0
                text30                             3F24     3F24       16         0
                text29                             3F94     3F94        A         0
                text28                             3E60     3E60       2A         0
                text27                             3ED4     3ED4       1C         0
                text26                             3EB2     3EB2       22         0
                text25                             3F64     3F64       14         0
                text24                             3FA6     3FA6        4         0
                text23                             3F50     3F50       14         0
                text22                             3F88     3F88        C         0
                text21                             35B6     35B6      104         0
                text20                             2C02     2C02      28A         0
                text19                             339E     339E      112         0
                text18                             328C     328C      112         0
                text17                             395E     395E       C4         0
                text16                             36BA     36BA       FC         0
                text15                             316A     316A      122         0
                text14                             389A     389A       C4         0
                text13                             1F7E     1F7E      4C0         0
                text12                             2868     2868      39A         0
                text11                             243E     243E      42A         0
                text10                             34B0     34B0      106         0
                text9                              2E8C     2E8C      1B4         0
                text8                              3D38     3D38       44         0
                text7                              3B52     3B52       74         0
                text6                              3C38     3C38       64         0
                text5                              3C9C     3C9C       56         0
                text4                              13A0     13A0      BDE         0
                text3                              3CF2     3CF2       46         0
                text2                              37B6     37B6       E4         0
                text1                              3040     3040      12A         0
                text0                                50       50     1350         0
                cinit                              3BC6     3BC6       72         0
                idataBANK1                         3FA2     3FA2        4         0
                idataBANK0                         3F9E     3F9E        4         0

        CLASS   CONST          

        CLASS   SMALLCONST     

        CLASS   MEDIUMCONST    

        CLASS   COMRAM         
                temp                                 5B       5B        1         1
                cstackCOMRAM                          1        1       54         1
                bssCOMRAM                            55       55        6         1

        CLASS   ABS1           

        CLASS   BIGRAM         

        CLASS   RAM            

        CLASS   BANK0          
                cstackBANK0                          D4       D4       20         1
                dataBANK0                            F4       F4        4         1
                bssBANK0                             60       60       74         1

        CLASS   BANK1          
                cstackBANK1                         148      148        C         1
                dataBANK1                           154      154        4         1
                bssBANK1                            100      100       48         1

        CLASS   BANK2          

        CLASS   BANK3          

        CLASS   BANK4          

        CLASS   BANK5          

        CLASS   BANK6          

        CLASS   BANK7          

        CLASS   BANK8          

        CLASS   BANK9          

        CLASS   BANK10         

        CLASS   BANK11         

        CLASS   BANK12         

        CLASS   BANK13         

        CLASS   BANK14         

        CLASS   BANK15         

        CLASS   SFR            

        CLASS   FARRAM         

        CLASS   CONFIG         
                config                           300000   300000        E         0

        CLASS   IDLOC          
                idloc                            200000   200000        8         0

        CLASS   EEDATA         



SEGMENTS        Name                           Load    Length   Top    Selector   Space  Class

                reset_vec                      000000  000004  000004         0       0  CODE    
                cstackCOMRAM                   000001  00005B  00005C         1       1  COMRAM  
                intcode                        000008  003FA8  003FB0         4       0  CODE    
                bssBANK0                       000060  000098  0000F8        60       1  BANK0   
                bssBANK1                       000100  000058  000158       100       1  BANK1   
                idloc                          200000  000008  200008    200000       0  IDLOC   
                config                         300000  00000E  30000E    300000       0  CONFIG  


UNUSED ADDRESS RANGES

        Name                Unused          Largest block    Delta
        BANK0            0000F8-0000FF                8
        BANK1            000158-0001FF               A8
        BANK10           000A00-000AFF              100
        BANK11           000B00-000BFF              100
        BANK12           000C00-000CFF              100
        BANK13           000D00-000DFF              100
        BANK14           000E00-000EFF              100
        BANK15           000F00-000F37               38
        BANK2            000200-0002FF              100
        BANK3            000300-0003FF              100
        BANK4            000400-0004FF              100
        BANK5            000500-0005FF              100
        BANK6            000600-0006FF              100
        BANK7            000700-0007FF              100
        BANK8            000800-0008FF              100
        BANK9            000900-0009FF              100
        BIGRAM           00005C-00005F                4
                         0000F8-0000FF                8
                         000158-000F37              DE0
        CODE             000004-000007                4
                         003FB0-00FFFF             C050
        COMRAM           00005C-00005F                4
        CONST            000004-000007                4
                         003FB0-00FFFF             C050
        EEDATA           F00000-F003FF              400
        MEDIUMCONST      003FB0-00FFFF             C050
        RAM              0000F8-0000FF                8
                         000158-000F37              100
        SFR              000F38-000FFF               28
        SMALLCONST       003FB0-00FFFF              100
        STACK            000158-000F37              DE0

                                  Symbol Table

?_ADC_GetConversion                       cstackCOMRAM 000005
?___awdiv                                 cstackCOMRAM 000005
?___fladd                                 cstackCOMRAM 000031
?___fldiv                                 cstackCOMRAM 000031
?___flmul                                 cstackCOMRAM 000018
?___flsub                                 cstackCOMRAM 000041
?___fltol                                 cstackCOMRAM 000005
?___lwdiv                                 cstackCOMRAM 000005
?___lwmod                                 cstackCOMRAM 000005
?___xxtofl                                cstackCOMRAM 00000A
?_lowPassExponential                      cstackCOMRAM 000049
?_low_pass_filter                         cstackBANK0  0000E0
?_mask                                    cstackCOMRAM 000005
ADC_GetConversion@channel                 cstackCOMRAM 000009
DATAEE_ReadByte@bAdd                      cstackCOMRAM 000005
DATAEE_WriteByte@GIEBitValue              cstackCOMRAM 000008
DATAEE_WriteByte@bAdd                     cstackCOMRAM 000005
DATAEE_WriteByte@bData                    cstackCOMRAM 000007
Int_7segdisplay@uint_blinkcnt             bssBANK0     00008A
Key_Service@fastincrcnt                   bssBANK0     0000B6
Sring_7segdisplay@char0                   cstackCOMRAM 000011
Sring_7segdisplay@char1                   cstackCOMRAM 000010
Sring_7segdisplay@char2                   cstackCOMRAM 00000F
Sring_7segdisplay@char3                   cstackCOMRAM 00000E
Sring_7segdisplay@line                    cstackCOMRAM 000012
Sring_7segdisplay@uint_blinkcnt           bssBANK0     000088
TMR1_SetInterruptHandler@InterruptHandler cstackCOMRAM 000005
TMR1_WriteTimer@timerVal                  cstackCOMRAM 000001
TMR3_ReadTimer@readValHigh                cstackCOMRAM 000007
TMR3_ReadTimer@readValLow                 cstackCOMRAM 000008
_ADCON0                                   (abs)        000FC2
_ADCON0bits                               (abs)        000FC2
_ADCON1                                   (abs)        000FC1
_ADCON2                                   (abs)        000FC0
_ADC_GetConversion                        text39       003DFA
_ADC_Initialize                           text35       003F3A
_ADC_InterruptHandler                     bssBANK1     000146
_ADRESH                                   (abs)        000FC4
_ADRESL                                   (abs)        000FC3
_ANSELA                                   (abs)        000F38
_ANSELB                                   (abs)        000F39
_ANSELC                                   (abs)        000F3A
_CCP5CON                                  (abs)        000F54
_CCP5_Initialize                          text34       003F78
_CCPR5H                                   (abs)        000F56
_CCPR5L                                   (abs)        000F55
_DATAEE_ReadByte                          text38       003F0C
_DATAEE_WriteByte                         text8        003D38
_EEADR                                    (abs)        000FA9
_EEADRH                                   (abs)        000FAA
_EECON1bits                               (abs)        000FA6
_EECON2                                   (abs)        000FA7
_EEDATA                                   (abs)        000FA8
_INTCON2bits                              (abs)        000FF1
_INTCONbits                               (abs)        000FF2
_INTERRUPT_Initialize                     text33       003FAA
_INTERRUPT_InterruptManager               intcode      000008
_Key_Scan                                 text37       003D7C
_Key_Service                              text36       003AC8
_LATA                                     (abs)        000F89
_LATB                                     (abs)        000F8A
_LATBbits                                 (abs)        000F8A
_LATC                                     (abs)        000F8B
_LATCbits                                 (abs)        000F8B
_OSCCON                                   (abs)        000FD3
_OSCCON2                                  (abs)        000FD2
_OSCILLATOR_Initialize                    text32       003EF0
_OSCTUNE                                  (abs)        000F9B
_PID_d                                    bssBANK1     000110
_PID_error                                bssBANK0     000078
_PID_i                                    bssBANK0     000070
_PID_p                                    bssBANK1     000114
_PID_value                                bssBANK0     000074
_PIE1bits                                 (abs)        000F9D
_PIN_MANAGER_Initialize                   text31       003E34
_PIR1bits                                 (abs)        000F9E
_PIR2bits                                 (abs)        000FA1
_PLLRDY                                   (abs)        007E97
_PORTAbits                                (abs)        000F80
_PORTBbits                                (abs)        000F81
_RCONbits                                 (abs)        000FD0
_SYSTEM_Initialize                        text26       003EB2
_Sring_7segdisplay                        text15       00316A
_T0CON                                    (abs)        000FD5
_T0CONbits                                (abs)        000FD5
_T1CON                                    (abs)        000FCD
_T1CONbits                                (abs)        000FCD
_T1GCON                                   (abs)        000FCC
_T1GCONbits                               (abs)        000FCC
_T3CON                                    (abs)        000FB1
_T3CONbits                                (abs)        000FB1
_T3GCON                                   (abs)        000FB4
_T3GCONbits                               (abs)        000FB4
_TABLAT                                   (abs)        000FF5
_TBLPTRH                                  (abs)        000FF7
_TBLPTRL                                  (abs)        000FF6
_TBLPTRU                                  (abs)        000FF8
_TMR0H                                    (abs)        000FD7
_TMR0L                                    (abs)        000FD6
_TMR0_HasOverflowOccured                  text25       003F64
_TMR0_Initialize                          text30       003F24
_TMR0_ReadTimer                           text24       003FA6
_TMR1                                     (abs)        000FCE
_TMR1H                                    (abs)        000FCF
_TMR1L                                    (abs)        000FCE
_TMR1_DefaultInterruptHandler             text42       003FAE
_TMR1_ISR                                 text41       003DBC
_TMR1_Initialize                          text28       003E60
_TMR1_InterruptHandler                    bssBANK0     0000B2
_TMR1_SetInterruptHandler                 text29       003F94
_TMR1_WriteTimer                          text44       003E8A
_TMR3                                     (abs)        000FB2
_TMR3H                                    (abs)        000FB3
_TMR3L                                    (abs)        000FB2
_TMR3_HasOverflowOccured                  text23       003F50
_TMR3_Initialize                          text27       003ED4
_TMR3_ReadTimer                           text22       003F88
_TRISA                                    (abs)        000F92
_TRISB                                    (abs)        000F93
_TRISC                                    (abs)        000F94
_Time                                     bssBANK1     00011C
_WPUB                                     (abs)        000F61
__CFG_BOREN$SBORDIS                       (abs)        000000
__CFG_BORV$190                            (abs)        000000
__CFG_CCP2MX$PORTC1                       (abs)        000000
__CFG_CCP3MX$PORTB5                       (abs)        000000
__CFG_CP0$ON                              (abs)        000000
__CFG_CP1$ON                              (abs)        000000
__CFG_CP2$ON                              (abs)        000000
__CFG_CP3$ON                              (abs)        000000
__CFG_CPB$OFF                             (abs)        000000
__CFG_CPD$OFF                             (abs)        000000
__CFG_DEBUG$OFF                           (abs)        000000
__CFG_EBTR0$OFF                           (abs)        000000
__CFG_EBTR1$OFF                           (abs)        000000
__CFG_EBTR2$OFF                           (abs)        000000
__CFG_EBTR3$OFF                           (abs)        000000
__CFG_EBTRB$OFF                           (abs)        000000
__CFG_FCMEN$OFF                           (abs)        000000
__CFG_FOSC$INTIO67                        (abs)        000000
__CFG_HFOFST$ON                           (abs)        000000
__CFG_IESO$OFF                            (abs)        000000
__CFG_LVP$ON                              (abs)        000000
__CFG_MCLRE$EXTMCLR                       (abs)        000000
__CFG_P2BMX$PORTB5                        (abs)        000000
__CFG_PBADEN$ON                           (abs)        000000
__CFG_PLLCFG$OFF                          (abs)        000000
__CFG_PRICLKEN$ON                         (abs)        000000
__CFG_PWRTEN$ON                           (abs)        000000
__CFG_STVREN$ON                           (abs)        000000
__CFG_T3CMX$PORTC0                        (abs)        000000
__CFG_WDTEN$OFF                           (abs)        000000
__CFG_WDTPS$32768                         (abs)        000000
__CFG_WRT0$OFF                            (abs)        000000
__CFG_WRT1$OFF                            (abs)        000000
__CFG_WRT2$OFF                            (abs)        000000
__CFG_WRT3$OFF                            (abs)        000000
__CFG_WRTB$OFF                            (abs)        000000
__CFG_WRTC$OFF                            (abs)        000000
__CFG_WRTD$OFF                            (abs)        000000
__CFG_XINST$OFF                           (abs)        000000
__HRAM                                    (abs)        000000
__Habs1                                   abs1         000000
__Hbank0                                  bank0        000000
__Hbank1                                  bank1        000000
__Hbank10                                 bank10       000000
__Hbank11                                 bank11       000000
__Hbank12                                 bank12       000000
__Hbank13                                 bank13       000000
__Hbank14                                 bank14       000000
__Hbank15                                 bank15       000000
__Hbank2                                  bank2        000000
__Hbank3                                  bank3        000000
__Hbank4                                  bank4        000000
__Hbank5                                  bank5        000000
__Hbank6                                  bank6        000000
__Hbank7                                  bank7        000000
__Hbank8                                  bank8        000000
__Hbank9                                  bank9        000000
__Hbigbss                                 bigbss       000000
__Hbigdata                                bigdata      000000
__Hbigram                                 bigram       000000
__Hbss                                    bss          000000
__HbssBANK0                               bssBANK0     000000
__HbssBANK1                               bssBANK1     000000
__HbssCOMRAM                              bssCOMRAM    000000
__Hcinit                                  cinit        000000
__Hclrtext                                clrtext      000000
__Hcomram                                 comram       000000
__Hconfig                                 config       30000E
__Hconst                                  const        000000
__HcstackBANK0                            cstackBANK0  000000
__HcstackBANK1                            cstackBANK1  000000
__HcstackCOMRAM                           cstackCOMRAM 000000
__Hdata                                   data         000000
__HdataBANK0                              dataBANK0    000000
__HdataBANK1                              dataBANK1    000000
__Heeprom_data                            eeprom_data  000000
__Hfarbss                                 farbss       000000
__Hfardata                                fardata      000000
__Hibigdata                               ibigdata     000000
__Hidata                                  idata        000000
__HidataBANK0                             idataBANK0   000000
__HidataBANK1                             idataBANK1   000000
__Hidloc                                  idloc        200008
__Hifardata                               ifardata     000000
__Hinit                                   init         000050
__Hintcode                                intcode      00004C
__Hintcode_body                           intcode_body 000000
__Hintcodelo                              intcodelo    00004C
__Hintentry                               intentry     000000
__Hintret                                 intret       000000
__Hintsave_regs                           intsave_regs 000000
__Hirdata                                 irdata       000000
__Hmediumconst                            mediumconst  000000
__HnvFARRAM                               nvFARRAM     000000
__Hnvbit                                  nvbit        000000
__Hnvrram                                 nvrram       000000
__Hparam                                  rparam       000000
__Hpowerup                                powerup      00004C
__Hram                                    ram          000000
__Hramtop                                 ramtop       001000
__Hrbit                                   rbit         000000
__Hrbss                                   rbss         000000
__Hrdata                                  rdata        000000
__Hreset_vec                              reset_vec    000004
__Hrparam                                 rparam       000000
__Hsfr                                    sfr          000000
__Hsmallconst                             smallconst   000000
__Hspace_0                                (abs)        30000E
__Hspace_1                                (abs)        000158
__Hspace_2                                (abs)        000000
__Hstack                                  stack        000000
__Hstruct                                 struct       000000
__Htemp                                   temp         00005C
__Htext                                   text         000000
__Htext0                                  text0        000000
__Htext1                                  text1        000000
__Htext10                                 text10       000000
__Htext11                                 text11       000000
__Htext12                                 text12       000000
__Htext13                                 text13       000000
__Htext14                                 text14       000000
__Htext15                                 text15       000000
__Htext16                                 text16       000000
__Htext17                                 text17       000000
__Htext18                                 text18       000000
__Htext19                                 text19       000000
__Htext2                                  text2        000000
__Htext20                                 text20       000000
__Htext21                                 text21       000000
__Htext22                                 text22       000000
__Htext23                                 text23       000000
__Htext24                                 text24       000000
__Htext25                                 text25       000000
__Htext26                                 text26       000000
__Htext27                                 text27       000000
__Htext28                                 text28       000000
__Htext29                                 text29       000000
__Htext3                                  text3        000000
__Htext30                                 text30       000000
__Htext31                                 text31       000000
__Htext32                                 text32       000000
__Htext33                                 text33       000000
__Htext34                                 text34       000000
__Htext35                                 text35       000000
__Htext36                                 text36       000000
__Htext37                                 text37       000000
__Htext38                                 text38       000000
__Htext39                                 text39       000000
__Htext4                                  text4        000000
__Htext41                                 text41       000000
__Htext42                                 text42       000000
__Htext43                                 text43       000000
__Htext44                                 text44       000000
__Htext45                                 text45       000000
__Htext5                                  text5        000000
__Htext6                                  text6        000000
__Htext7                                  text7        000000
__Htext8                                  text8        000000
__Htext9                                  text9        000000
__LRAM                                    (abs)        000001
__Labs1                                   abs1         000000
__Lbank0                                  bank0        000000
__Lbank1                                  bank1        000000
__Lbank10                                 bank10       000000
__Lbank11                                 bank11       000000
__Lbank12                                 bank12       000000
__Lbank13                                 bank13       000000
__Lbank14                                 bank14       000000
__Lbank15                                 bank15       000000
__Lbank2                                  bank2        000000
__Lbank3                                  bank3        000000
__Lbank4                                  bank4        000000
__Lbank5                                  bank5        000000
__Lbank6                                  bank6        000000
__Lbank7                                  bank7        000000
__Lbank8                                  bank8        000000
__Lbank9                                  bank9        000000
__Lbigbss                                 bigbss       000000
__Lbigdata                                bigdata      000000
__Lbigram                                 bigram       000000
__Lbss                                    bss          000000
__LbssBANK0                               bssBANK0     000000
__LbssBANK1                               bssBANK1     000000
__LbssCOMRAM                              bssCOMRAM    000000
__Lcinit                                  cinit        000000
__Lclrtext                                clrtext      000000
__Lcomram                                 comram       000000
__Lconfig                                 config       300000
__Lconst                                  const        000000
__LcstackBANK0                            cstackBANK0  000000
__LcstackBANK1                            cstackBANK1  000000
__LcstackCOMRAM                           cstackCOMRAM 000000
__Ldata                                   data         000000
__LdataBANK0                              dataBANK0    000000
__LdataBANK1                              dataBANK1    000000
__Leeprom_data                            eeprom_data  000000
__Lfarbss                                 farbss       000000
__Lfardata                                fardata      000000
__Libigdata                               ibigdata     000000
__Lidata                                  idata        000000
__LidataBANK0                             idataBANK0   000000
__LidataBANK1                             idataBANK1   000000
__Lidloc                                  idloc        200000
__Lifardata                               ifardata     000000
__Linit                                   init         00004C
__Lintcode                                intcode      000008
__Lintcode_body                           intcode_body 000000
__Lintcodelo                              intcodelo    00004C
__Lintentry                               intentry     000000
__Lintret                                 intret       000000
__Lintsave_regs                           intsave_regs 000000
__Lirdata                                 irdata       000000
__Lmediumconst                            mediumconst  000000
__LnvFARRAM                               nvFARRAM     000000
__Lnvbit                                  nvbit        000000
__Lnvrram                                 nvrram       000000
__Lparam                                  rparam       000000
__Lpowerup                                powerup      00004C
__Lram                                    ram          000000
__Lramtop                                 ramtop       001000
__Lrbit                                   rbit         000000
__Lrbss                                   rbss         000000
__Lrdata                                  rdata        000000
__Lreset_vec                              reset_vec    000000
__Lrparam                                 rparam       000000
__Lsfr                                    sfr          000000
__Lsmallconst                             smallconst   000000
__Lspace_0                                (abs)        000000
__Lspace_1                                (abs)        000000
__Lspace_2                                (abs)        000000
__Lstack                                  stack        000000
__Lstruct                                 struct       000000
__Ltemp                                   temp         00005B
__Ltext                                   text         000000
__Ltext0                                  text0        000000
__Ltext1                                  text1        000000
__Ltext10                                 text10       000000
__Ltext11                                 text11       000000
__Ltext12                                 text12       000000
__Ltext13                                 text13       000000
__Ltext14                                 text14       000000
__Ltext15                                 text15       000000
__Ltext16                                 text16       000000
__Ltext17                                 text17       000000
__Ltext18                                 text18       000000
__Ltext19                                 text19       000000
__Ltext2                                  text2        000000
__Ltext20                                 text20       000000
__Ltext21                                 text21       000000
__Ltext22                                 text22       000000
__Ltext23                                 text23       000000
__Ltext24                                 text24       000000
__Ltext25                                 text25       000000
__Ltext26                                 text26       000000
__Ltext27                                 text27       000000
__Ltext28                                 text28       000000
__Ltext29                                 text29       000000
__Ltext3                                  text3        000000
__Ltext30                                 text30       000000
__Ltext31                                 text31       000000
__Ltext32                                 text32       000000
__Ltext33                                 text33       000000
__Ltext34                                 text34       000000
__Ltext35                                 text35       000000
__Ltext36                                 text36       000000
__Ltext37                                 text37       000000
__Ltext38                                 text38       000000
__Ltext39                                 text39       000000
__Ltext4                                  text4        000000
__Ltext41                                 text41       000000
__Ltext42                                 text42       000000
__Ltext43                                 text43       000000
__Ltext44                                 text44       000000
__Ltext45                                 text45       000000
__Ltext5                                  text5        000000
__Ltext6                                  text6        000000
__Ltext7                                  text7        000000
__Ltext8                                  text8        000000
__Ltext9                                  text9        000000
__S0                                      (abs)        30000E
__S1                                      (abs)        000158
__S2                                      (abs)        000000
___awdiv                                  text14       00389A
___awdiv@counter                          cstackCOMRAM 000009
___awdiv@dividend                         cstackCOMRAM 000005
___awdiv@divisor                          cstackCOMRAM 000007
___awdiv@quotient                         cstackCOMRAM 00000B
___awdiv@sign                             cstackCOMRAM 00000A
___fladd                                  text13       001F7E
___fladd@a                                cstackCOMRAM 000035
___fladd@aexp                             cstackCOMRAM 00003E
___fladd@b                                cstackCOMRAM 000031
___fladd@bexp                             cstackCOMRAM 00003F
___fladd@grs                              cstackCOMRAM 000040
___fladd@signs                            cstackCOMRAM 00003D
___fldiv                                  text12       002868
___fldiv@a                                cstackCOMRAM 000035
___fldiv@aexp                             cstackCOMRAM 000049
___fldiv@b                                cstackCOMRAM 000031
___fldiv@bexp                             cstackCOMRAM 000048
___fldiv@grs                              cstackCOMRAM 000044
___fldiv@new_exp                          cstackCOMRAM 000042
___fldiv@rem                              cstackCOMRAM 00003D
___fldiv@sign                             cstackCOMRAM 000041
___flge                                   text21       0035B6
___flge@ff1                               cstackCOMRAM 000018
___flge@ff2                               cstackCOMRAM 00001C
___flmul                                  text11       00243E
___flmul@a                                cstackCOMRAM 00001C
___flmul@aexp                             cstackCOMRAM 000025
___flmul@b                                cstackCOMRAM 000018
___flmul@bexp                             cstackCOMRAM 00002A
___flmul@grs                              cstackCOMRAM 000026
___flmul@prod                             cstackCOMRAM 00002B
___flmul@sign                             cstackCOMRAM 000024
___flmul@temp                             cstackCOMRAM 00002F
___flsub                                  text3        003CF2
___flsub@a                                cstackCOMRAM 000045
___flsub@b                                cstackCOMRAM 000041
___fltol                                  text10       0034B0
___fltol@exp1                             cstackCOMRAM 00000E
___fltol@f1                               cstackCOMRAM 000005
___fltol@sign1                            cstackCOMRAM 00000D
___inthi_sp                               stack        000000
___intlo_sp                               stack        000000
___lwdiv                                  text7        003B52
___lwdiv@counter                          cstackCOMRAM 000009
___lwdiv@dividend                         cstackCOMRAM 000005
___lwdiv@divisor                          cstackCOMRAM 000007
___lwdiv@quotient                         cstackCOMRAM 00000A
___lwmod                                  text6        003C38
___lwmod@counter                          cstackCOMRAM 000009
___lwmod@dividend                         cstackCOMRAM 000005
___lwmod@divisor                          cstackCOMRAM 000007
___param_bank                             (abs)        000000
___rparam_used                            (abs)        000001
___sp                                     stack        000000
___xxtofl                                 text9        002E8C
___xxtofl@arg                             cstackCOMRAM 000014
___xxtofl@exp                             cstackCOMRAM 000013
___xxtofl@sign                            cstackCOMRAM 000012
___xxtofl@val                             cstackCOMRAM 00000A
__accesstop                               (abs)        000060
__activetblptr                            (abs)        000002
__end_of_ADC_GetConversion                text39       003E34
__end_of_ADC_Initialize                   text35       003F50
__end_of_CCP5_Initialize                  text34       003F88
__end_of_DATAEE_ReadByte                  text38       003F24
__end_of_DATAEE_WriteByte                 text8        003D7C
__end_of_INTERRUPT_Initialize             text33       003FAE
__end_of_INTERRUPT_InterruptManager       intcode      00004C
__end_of_Key_Scan                         text37       003DBC
__end_of_Key_Service                      text36       003B52
__end_of_OSCILLATOR_Initialize            text32       003F0C
__end_of_PIN_MANAGER_Initialize           text31       003E60
__end_of_SYSTEM_Initialize                text26       003ED4
__end_of_Sring_7segdisplay                text15       00328C
__end_of_TMR0_HasOverflowOccured          text25       003F78
__end_of_TMR0_Initialize                  text30       003F3A
__end_of_TMR0_ReadTimer                   text24       003FAA
__end_of_TMR1_DefaultInterruptHandler     text42       003FB0
__end_of_TMR1_ISR                         text41       003DFA
__end_of_TMR1_Initialize                  text28       003E8A
__end_of_TMR1_SetInterruptHandler         text29       003F9E
__end_of_TMR1_WriteTimer                  text44       003EB2
__end_of_TMR3_HasOverflowOccured          text23       003F64
__end_of_TMR3_Initialize                  text27       003EF0
__end_of_TMR3_ReadTimer                   text22       003F94
__end_of___awdiv                          text14       00395E
__end_of___fladd                          text13       00243E
__end_of___fldiv                          text12       002C02
__end_of___flge                           text21       0036BA
__end_of___flmul                          text11       002868
__end_of___flsub                          text3        003D38
__end_of___fltol                          text10       0035B6
__end_of___lwdiv                          text7        003BC6
__end_of___lwmod                          text6        003C9C
__end_of___xxtofl                         text9        003040
__end_of__initialization                  cinit        003C2A
__end_of_ctrl_task                        text4        001F7E
__end_of_display7seg                      text19       0034B0
__end_of_display7seg2                     text18       00339E
__end_of_lowPassExponential               text2        00389A
__end_of_low_pass_filter                  text1        00316A
__end_of_main                             text0        0013A0
__end_of_mask                             text20       002E8C
__end_of_myTimer1ISR                      text43       003AC8
__end_of_sev_display1                     text17       003A22
__end_of_sev_display2                     text16       0037B6
__end_of_write_2bytedata                  text5        003CF2
__initialization                          cinit        003BC6
__mediumconst                             mediumconst  000000
__pbssBANK0                               bssBANK0     000060
__pbssBANK1                               bssBANK1     000100
__pbssCOMRAM                              bssCOMRAM    000055
__pcinit                                  cinit        003BC6
__pcstackBANK0                            cstackBANK0  0000D4
__pcstackBANK1                            cstackBANK1  000148
__pcstackCOMRAM                           cstackCOMRAM 000001
__pdataBANK0                              dataBANK0    0000F4
__pdataBANK1                              dataBANK1    000154
__pidataBANK0                             idataBANK0   003F9E
__pidataBANK1                             idataBANK1   003FA2
__pintcode                                intcode      000008
__ptext0                                  text0        000050
__ptext1                                  text1        003040
__ptext10                                 text10       0034B0
__ptext11                                 text11       00243E
__ptext12                                 text12       002868
__ptext13                                 text13       001F7E
__ptext14                                 text14       00389A
__ptext15                                 text15       00316A
__ptext16                                 text16       0036BA
__ptext17                                 text17       00395E
__ptext18                                 text18       00328C
__ptext19                                 text19       00339E
__ptext2                                  text2        0037B6
__ptext20                                 text20       002C02
__ptext21                                 text21       0035B6
__ptext22                                 text22       003F88
__ptext23                                 text23       003F50
__ptext24                                 text24       003FA6
__ptext25                                 text25       003F64
__ptext26                                 text26       003EB2
__ptext27                                 text27       003ED4
__ptext28                                 text28       003E60
__ptext29                                 text29       003F94
__ptext3                                  text3        003CF2
__ptext30                                 text30       003F24
__ptext31                                 text31       003E34
__ptext32                                 text32       003EF0
__ptext33                                 text33       003FAA
__ptext34                                 text34       003F78
__ptext35                                 text35       003F3A
__ptext36                                 text36       003AC8
__ptext37                                 text37       003D7C
__ptext38                                 text38       003F0C
__ptext39                                 text39       003DFA
__ptext4                                  text4        0013A0
__ptext41                                 text41       003DBC
__ptext42                                 text42       003FAE
__ptext43                                 text43       003A22
__ptext44                                 text44       003E8A
__ptext45                                 text45       000000
__ptext5                                  text5        003C9C
__ptext6                                  text6        003C38
__ptext7                                  text7        003B52
__ptext8                                  text8        003D38
__ptext9                                  text9        002E8C
__ramtop                                  ramtop       001000
__size_of_ADC_GetConversion               (abs)        000000
__size_of_ADC_Initialize                  (abs)        000000
__size_of_CCP5_Initialize                 (abs)        000000
__size_of_DATAEE_ReadByte                 (abs)        000000
__size_of_DATAEE_WriteByte                (abs)        000000
__size_of_INTERRUPT_Initialize            (abs)        000000
__size_of_INTERRUPT_InterruptManager      (abs)        000000
__size_of_Key_Scan                        (abs)        000000
__size_of_Key_Service                     (abs)        000000
__size_of_OSCILLATOR_Initialize           (abs)        000000
__size_of_PIN_MANAGER_Initialize          (abs)        000000
__size_of_SYSTEM_Initialize               (abs)        000000
__size_of_Sring_7segdisplay               (abs)        000000
__size_of_TMR0_HasOverflowOccured         (abs)        000000
__size_of_TMR0_Initialize                 (abs)        000000
__size_of_TMR0_ReadTimer                  (abs)        000000
__size_of_TMR1_DefaultInterruptHandler    (abs)        000000
__size_of_TMR1_ISR                        (abs)        000000
__size_of_TMR1_Initialize                 (abs)        000000
__size_of_TMR1_SetInterruptHandler        (abs)        000000
__size_of_TMR1_WriteTimer                 (abs)        000000
__size_of_TMR3_HasOverflowOccured         (abs)        000000
__size_of_TMR3_Initialize                 (abs)        000000
__size_of_TMR3_ReadTimer                  (abs)        000000
__size_of___awdiv                         (abs)        000000
__size_of___fladd                         (abs)        000000
__size_of___fldiv                         (abs)        000000
__size_of___flge                          (abs)        000000
__size_of___flmul                         (abs)        000000
__size_of___flsub                         (abs)        000000
__size_of___fltol                         (abs)        000000
__size_of___lwdiv                         (abs)        000000
__size_of___lwmod                         (abs)        000000
__size_of___xxtofl                        (abs)        000000
__size_of_ctrl_task                       (abs)        000000
__size_of_display7seg                     (abs)        000000
__size_of_display7seg2                    (abs)        000000
__size_of_lowPassExponential              (abs)        000000
__size_of_low_pass_filter                 (abs)        000000
__size_of_main                            (abs)        000000
__size_of_mask                            (abs)        000000
__size_of_myTimer1ISR                     (abs)        000000
__size_of_sev_display1                    (abs)        000000
__size_of_sev_display2                    (abs)        000000
__size_of_write_2bytedata                 (abs)        000000
__smallconst                              smallconst   000000
_convertedValue                           bssBANK1     000136
_ctrl_task                                text4        0013A0
_display7seg                              text19       00339E
_display7seg2                             text18       00328C
_elapsedTime                              bssBANK1     000120
_flt_Temp                                 bssBANK0     000084
_flt_Temp1                                bssBANK1     000130
_flt_Temp2                                bssBANK0     000080
_flt_adc1                                 bssBANK0     000064
_flt_adc2                                 bssBANK1     00010C
_flt_adcavg1                              bssBANK0     00006C
_flt_adcavg2                              bssBANK0     000068
_flt_gain1                                bssBANK0     00007C
_flt_gain2                                bssBANK1     000128
_flt_offset                               bssBANK1     00012C
_ki                                       dataBANK0    0000F4
_kp                                       dataBANK1    000154
_lowPassExponential                       text2        0037B6
_lowPassExponential$2499                  cstackBANK0  0000D4
_low_pass_filter                          text1        003040
_low_pass_filter$2497                     cstackBANK0  0000E8
_low_pass_filter$2498                     cstackBANK0  0000EC
_main                                     text0        000050
_main$2493                                cstackBANK1  000148
_main$2494                                cstackBANK1  00014C
_main$2496                                cstackBANK1  000150
_mask                                     text20       002C02
_menu                                     bssBANK0     0000BD
_myTimer1ISR                              text43       003A22
_previous_error                           bssBANK1     000124
_sev_display1                             text17       00395E
_sev_display2                             text16       0036BA
_timePrev                                 bssBANK1     000118
_timer0ReloadVal                          bssBANK0     0000D1
_timer1ReloadVal                          bssBANK0     0000B4
_timer3ReloadVal                          bssBANK0     0000B0
_u16_SETtemp                              bssBANK0     0000AC
_u16_SETtime                              bssBANK0     0000AA
_u16_Temp                                 bssBANK1     000142
_u16_Temp1                                bssBANK1     000140
_u16_Temp2                                bssBANK1     00013E
_u16_Tempvalue                            bssBANK0     000096
_u16_cg1                                  bssBANK0     00009E
_u16_cg2                                  bssBANK0     00009C
_u16_cof                                  bssBANK0     00009A
_u16_displyfirstcnt                       bssCOMRAM    000059
_u16_gain1                                bssBANK1     00013A
_u16_gain2                                bssBANK1     000138
_u16_hys                                  bssBANK0     0000A0
_u16_ib                                   bssBANK0     0000A2
_u16_mde                                  bssBANK0     000098
_u16_off                                  bssBANK0     0000A6
_u16_offset                               bssBANK1     00013C
_u16_pb                                   bssBANK0     0000A4
_u16_plm                                  bssBANK0     0000D2
_u16_timesec                              bssBANK0     0000A8
_u8_calisetEN                             bssBANK0     0000BC
_u8_digit                                 bssCOMRAM    000055
_u8_led1                                  bssBANK0     0000C4
_u8_led2                                  bssBANK0     0000C3
_u8_led3                                  bssBANK0     0000C2
_u8_ledvalue                              bssBANK0     0000C5
_u8_loadON                                bssBANK0     0000C7
_u8_loadONfirst                           bssBANK0     0000C6
_u8_powerduty                             bssBANK0     0000BB
_u8_sw_microEN                            bssBANK0     000090
_uchr_Curser                              bssBANK0     0000CB
_uchr_DebounceCnt                         bssBANK0     0000CE
_uchr_LED1                                bssBANK0     0000BA
_uchr_LED2                                bssBANK0     0000B9
_uchr_PresentKey                          bssBANK0     0000D0
_uchr_PreviousKey                         bssBANK0     0000CF
_uchr_blinkdigit0                         bssBANK0     0000C1
_uchr_blinkdigit1                         bssBANK0     0000C0
_uchr_blinkdigit2                         bssBANK0     0000BF
_uchr_blinkdigit3                         bssBANK0     0000BE
_uchr_dly                                 bssBANK0     0000CC
_uchr_maxcurser                           bssBANK0     0000C8
_uchr_mincurser                           bssBANK0     0000C9
_uchr_restmode                            bssBANK0     0000CD
_uchr_valuemodified                       bssBANK0     0000CA
_uint_adccnt                              bssBANK0     00008E
_uint_count                               bssBANK0     000094
_uint_count2                              bssBANK0     000092
_uint_data                                bssBANK1     000100
_uint_resetcnt                            bssBANK1     000144
_uint_updatEN                             bssBANK0     0000AE
_write_2bytedata                          text5        003C9C
btemp                                     temp         00005B
display7seg2@data                         cstackCOMRAM 000005
display7seg2@mask                         cstackCOMRAM 000006
display7seg@data                          cstackCOMRAM 000005
display7seg@mask                          cstackCOMRAM 000006
end_of_initialization                     cinit        003C2A
int$flags                                 temp         00005B
intlevel0                                 text         000000
intlevel1                                 text         000000
intlevel2                                 text         000000
intlevel3                                 text         000000
lowPassExponential@Result                 cstackBANK0  0000D8
lowPassExponential@average                cstackCOMRAM 00004D
lowPassExponential@factor                 cstackCOMRAM 000051
lowPassExponential@input                  cstackCOMRAM 000049
lowPassExponential@oldvalue               bssBANK1     000108
lowPassExponential@weighting              cstackBANK0  0000DC
low_pass_filter@LPF_Beta                  cstackBANK0  0000E4
low_pass_filter@j                         bssBANK0     00008C
low_pass_filter@result                    bssBANK0     000060
low_pass_filter@x                         cstackBANK0  0000E0
mask@num                                  cstackCOMRAM 000005
myTimer1ISR@timecycle                     bssBANK0     0000B8
myTimer1ISR@timemili                      bssBANK0     0000B7
sev_display1@DD0                          cstackCOMRAM 00000D
sev_display1@DD1                          cstackCOMRAM 000009
sev_display1@DD2                          cstackCOMRAM 00000A
sev_display1@DD3                          cstackCOMRAM 00000B
sev_display2@DD0                          cstackCOMRAM 00000D
sev_display2@DD1                          cstackCOMRAM 000009
sev_display2@DD2                          cstackCOMRAM 00000A
sev_display2@DD3                          cstackCOMRAM 00000B
stackhi                                   (abs)        000F37
stacklo                                   (abs)        000158
start                                     init         00004C
start_initialization                      cinit        003BC6
ttemp5                                    temp         00005C
ttemp6                                    temp         00005F
ttemp7                                    temp         000063
write_2bytedata@addr                      cstackCOMRAM 000010
write_2bytedata@data                      cstackCOMRAM 00000C
write_2bytedata@uchr_dataH                cstackCOMRAM 00000F
write_2bytedata@uchr_dataL                cstackCOMRAM 00000E
wtemp8                                    temp         00005C


FUNCTION INFORMATION:

 *************** function _main *****************
 Defined at:
		line 188 in file "main.c"
 Parameters:    Size  Location     Type
		None
 Auto vars:     Size  Location     Type
		None
 Return value:  Size  Location     Type
                  1    wreg      void 
 Registers used:
		wreg, status,2, status,0, prodl, prodh, cstack
 Tracked objects:
		On entry : 
		On exit  : 
		Unchanged: 
 Data sizes:     COMRAM   BANK0   BANK1   BANK2   BANK3   BANK4   BANK5   BANK6   BANK7   BANK8   BANK9  BANK10  BANK11  BANK12  BANK13  BANK14  BANK15
      Params:         0       0       0       0       0       0       0       0       0       0       0       0       0       0       0       0       0
      Locals:         0       0      12       0       0       0       0       0       0       0       0       0       0       0       0       0       0
      Temps:          0       4       0       0       0       0       0       0       0       0       0       0       0       0       0       0       0
      Totals:         0       4      12       0       0       0       0       0       0       0       0       0       0       0       0       0       0
Total ram usage:       16 bytes
 Hardware stack levels required when called:    7
 This function calls:
		_ADC_GetConversion
		_DATAEE_ReadByte
		_Key_Service
		_SYSTEM_Initialize
		_TMR0_HasOverflowOccured
		_TMR0_ReadTimer
		_TMR1_SetInterruptHandler
		_TMR3_HasOverflowOccured
		_TMR3_ReadTimer
		___fladd
		___fldiv
		___flge
		___flmul
		___flsub
		___fltol
		___xxtofl
		_ctrl_task
		_low_pass_filter
 This function is called by:
		Startup code after reset
 This function uses a non-reentrant model


 *************** function _low_pass_filter *****************
 Defined at:
		line 1025 in file "main.c"
 Parameters:    Size  Location     Type
  x               4   12[BANK0 ] float 
 Auto vars:     Size  Location     Type
  LPF_Beta        4   16[BANK0 ] float 
  RawData         2    0        int 
 Return value:  Size  Location     Type
                  4   12[BANK0 ] float 
 Registers used:
		wreg, status,2, status,0, prodl, prodh, cstack
 Tracked objects:
		On entry : 
		On exit  : 
		Unchanged: 
 Data sizes:     COMRAM   BANK0   BANK1   BANK2   BANK3   BANK4   BANK5   BANK6   BANK7   BANK8   BANK9  BANK10  BANK11  BANK12  BANK13  BANK14  BANK15
      Params:         0       4       0       0       0       0       0       0       0       0       0       0       0       0       0       0       0
      Locals:         0      12       0       0       0       0       0       0       0       0       0       0       0       0       0       0       0
      Temps:          0       0       0       0       0       0       0       0       0       0       0       0       0       0       0       0       0
      Totals:         0      16       0       0       0       0       0       0       0       0       0       0       0       0       0       0       0
Total ram usage:       16 bytes
 Hardware stack levels used:    1
 Hardware stack levels required when called:    6
 This function calls:
		___flmul
		___flsub
		_lowPassExponential
 This function is called by:
		_main
 This function uses a non-reentrant model


 *************** function _lowPassExponential *****************
 Defined at:
		line 1074 in file "main.c"
 Parameters:    Size  Location     Type
  input           4   72[COMRAM] float 
  average         4   76[COMRAM] float 
  factor          4   80[COMRAM] float 
 Auto vars:     Size  Location     Type
  weighting       4    8[BANK0 ] float 
  Result          4    4[BANK0 ] float 
 Return value:  Size  Location     Type
                  4   72[COMRAM] float 
 Registers used:
		wreg, status,2, status,0, prodl, prodh, cstack
 Tracked objects:
		On entry : 
		On exit  : 
		Unchanged: 
 Data sizes:     COMRAM   BANK0   BANK1   BANK2   BANK3   BANK4   BANK5   BANK6   BANK7   BANK8   BANK9  BANK10  BANK11  BANK12  BANK13  BANK14  BANK15
      Params:        12       0       0       0       0       0       0       0       0       0       0       0       0       0       0       0       0
      Locals:         0      12       0       0       0       0       0       0       0       0       0       0       0       0       0       0       0
      Temps:          0       0       0       0       0       0       0       0       0       0       0       0       0       0       0       0       0
      Totals:        12      12       0       0       0       0       0       0       0       0       0       0       0       0       0       0       0
Total ram usage:       24 bytes
 Hardware stack levels used:    1
 Hardware stack levels required when called:    5
 This function calls:
		___fladd
		___flmul
		___flsub
 This function is called by:
		_low_pass_filter
 This function uses a non-reentrant model


 *************** function ___flsub *****************
 Defined at:
		line 245 in file "C:\Program Files (x86)\Microchip\xc8\v2.10\pic\sources\c99\common\sprcadd.c"
 Parameters:    Size  Location     Type
  b               4   64[COMRAM] float 
  a               4   68[COMRAM] float 
 Auto vars:     Size  Location     Type
		None
 Return value:  Size  Location     Type
                  4   64[COMRAM] float 
 Registers used:
		wreg, status,2, status,0, cstack
 Tracked objects:
		On entry : 
		On exit  : 
		Unchanged: 
 Data sizes:     COMRAM   BANK0   BANK1   BANK2   BANK3   BANK4   BANK5   BANK6   BANK7   BANK8   BANK9  BANK10  BANK11  BANK12  BANK13  BANK14  BANK15
      Params:         8       0       0       0       0       0       0       0       0       0       0       0       0       0       0       0       0
      Locals:         0       0       0       0       0       0       0       0       0       0       0       0       0       0       0       0       0
      Temps:          0       0       0       0       0       0       0       0       0       0       0       0       0       0       0       0       0
      Totals:         8       0       0       0       0       0       0       0       0       0       0       0       0       0       0       0       0
Total ram usage:        8 bytes
 Hardware stack levels used:    1
 Hardware stack levels required when called:    4
 This function calls:
		___fladd
 This function is called by:
		_main
		_low_pass_filter
		_lowPassExponential
 This function uses a non-reentrant model


 *************** function _ctrl_task *****************
 Defined at:
		line 657 in file "main.c"
 Parameters:    Size  Location     Type
		None
 Auto vars:     Size  Location     Type
		None
 Return value:  Size  Location     Type
                  1    wreg      void 
 Registers used:
		wreg, status,2, status,0, prodl, prodh, cstack
 Tracked objects:
		On entry : 
		On exit  : 
		Unchanged: 
 Data sizes:     COMRAM   BANK0   BANK1   BANK2   BANK3   BANK4   BANK5   BANK6   BANK7   BANK8   BANK9  BANK10  BANK11  BANK12  BANK13  BANK14  BANK15
      Params:         0       0       0       0       0       0       0       0       0       0       0       0       0       0       0       0       0
      Locals:         0       0       0       0       0       0       0       0       0       0       0       0       0       0       0       0       0
      Temps:          2       0       0       0       0       0       0       0       0       0       0       0       0       0       0       0       0
      Totals:         2       0       0       0       0       0       0       0       0       0       0       0       0       0       0       0       0
Total ram usage:        2 bytes
 Hardware stack levels used:    1
 Hardware stack levels required when called:    6
 This function calls:
		_Sring_7segdisplay
		___awdiv
		___fladd
		___fldiv
		___flmul
		___fltol
		___lwdiv
		___lwmod
		___xxtofl
		_write_2bytedata
 This function is called by:
		_main
 This function uses a non-reentrant model


 *************** function _write_2bytedata *****************
 Defined at:
		line 1015 in file "main.c"
 Parameters:    Size  Location     Type
  addr            1    wreg     unsigned char 
  data            2   11[COMRAM] unsigned int 
 Auto vars:     Size  Location     Type
  addr            1   15[COMRAM] unsigned char 
  uchr_dataH      1   14[COMRAM] unsigned char 
  uchr_dataL      1   13[COMRAM] unsigned char 
 Return value:  Size  Location     Type
                  1    wreg      void 
 Registers used:
		wreg, status,2, status,0, cstack
 Tracked objects:
		On entry : 
		On exit  : 
		Unchanged: 
 Data sizes:     COMRAM   BANK0   BANK1   BANK2   BANK3   BANK4   BANK5   BANK6   BANK7   BANK8   BANK9  BANK10  BANK11  BANK12  BANK13  BANK14  BANK15
      Params:         2       0       0       0       0       0       0       0       0       0       0       0       0       0       0       0       0
      Locals:         3       0       0       0       0       0       0       0       0       0       0       0       0       0       0       0       0
      Temps:          0       0       0       0       0       0       0       0       0       0       0       0       0       0       0       0       0
      Totals:         5       0       0       0       0       0       0       0       0       0       0       0       0       0       0       0       0
Total ram usage:        5 bytes
 Hardware stack levels used:    1
 Hardware stack levels required when called:    4
 This function calls:
		_DATAEE_WriteByte
		___lwdiv
		___lwmod
 This function is called by:
		_ctrl_task
 This function uses a non-reentrant model


 *************** function ___lwmod *****************
 Defined at:
		line 7 in file "C:\Program Files (x86)\Microchip\xc8\v2.10\pic\sources\c99\common\lwmod.c"
 Parameters:    Size  Location     Type
  dividend        2    4[COMRAM] unsigned int 
  divisor         2    6[COMRAM] unsigned int 
 Auto vars:     Size  Location     Type
  counter         1    8[COMRAM] unsigned char 
 Return value:  Size  Location     Type
                  2    4[COMRAM] unsigned int 
 Registers used:
		wreg, status,2, status,0
 Tracked objects:
		On entry : 
		On exit  : 
		Unchanged: 
 Data sizes:     COMRAM   BANK0   BANK1   BANK2   BANK3   BANK4   BANK5   BANK6   BANK7   BANK8   BANK9  BANK10  BANK11  BANK12  BANK13  BANK14  BANK15
      Params:         4       0       0       0       0       0       0       0       0       0       0       0       0       0       0       0       0
      Locals:         1       0       0       0       0       0       0       0       0       0       0       0       0       0       0       0       0
      Temps:          0       0       0       0       0       0       0       0       0       0       0       0       0       0       0       0       0
      Totals:         5       0       0       0       0       0       0       0       0       0       0       0       0       0       0       0       0
Total ram usage:        5 bytes
 Hardware stack levels used:    1
 Hardware stack levels required when called:    3
 This function calls:
		Nothing
 This function is called by:
		_ctrl_task
		_write_2bytedata
		_int2arr
		_Int_7segdisplay
 This function uses a non-reentrant model


 *************** function ___lwdiv *****************
 Defined at:
		line 7 in file "C:\Program Files (x86)\Microchip\xc8\v2.10\pic\sources\c99\common\lwdiv.c"
 Parameters:    Size  Location     Type
  dividend        2    4[COMRAM] unsigned int 
  divisor         2    6[COMRAM] unsigned int 
 Auto vars:     Size  Location     Type
  quotient        2    9[COMRAM] unsigned int 
  counter         1    8[COMRAM] unsigned char 
 Return value:  Size  Location     Type
                  2    4[COMRAM] unsigned int 
 Registers used:
		wreg, status,2, status,0
 Tracked objects:
		On entry : 
		On exit  : 
		Unchanged: 
 Data sizes:     COMRAM   BANK0   BANK1   BANK2   BANK3   BANK4   BANK5   BANK6   BANK7   BANK8   BANK9  BANK10  BANK11  BANK12  BANK13  BANK14  BANK15
      Params:         4       0       0       0       0       0       0       0       0       0       0       0       0       0       0       0       0
      Locals:         3       0       0       0       0       0       0       0       0       0       0       0       0       0       0       0       0
      Temps:          0       0       0       0       0       0       0       0       0       0       0       0       0       0       0       0       0
      Totals:         7       0       0       0       0       0       0       0       0       0       0       0       0       0       0       0       0
Total ram usage:        7 bytes
 Hardware stack levels used:    1
 Hardware stack levels required when called:    3
 This function calls:
		Nothing
 This function is called by:
		_ctrl_task
		_write_2bytedata
		_int2arr
		_Int_7segdisplay
 This function uses a non-reentrant model


 *************** function _DATAEE_WriteByte *****************
 Defined at:
		line 176 in file "mcc_generated_files/memory.c"
 Parameters:    Size  Location     Type
  bAdd            2    4[COMRAM] unsigned short 
  bData           1    6[COMRAM] unsigned char 
 Auto vars:     Size  Location     Type
  GIEBitValue     1    7[COMRAM] unsigned char 
 Return value:  Size  Location     Type
                  1    wreg      void 
 Registers used:
		wreg, status,2, status,0
 Tracked objects:
		On entry : 
		On exit  : 
		Unchanged: 
 Data sizes:     COMRAM   BANK0   BANK1   BANK2   BANK3   BANK4   BANK5   BANK6   BANK7   BANK8   BANK9  BANK10  BANK11  BANK12  BANK13  BANK14  BANK15
      Params:         3       0       0       0       0       0       0       0       0       0       0       0       0       0       0       0       0
      Locals:         1       0       0       0       0       0       0       0       0       0       0       0       0       0       0       0       0
      Temps:          0       0       0       0       0       0       0       0       0       0       0       0       0       0       0       0       0
      Totals:         4       0       0       0       0       0       0       0       0       0       0       0       0       0       0       0       0
Total ram usage:        4 bytes
 Hardware stack levels used:    1
 Hardware stack levels required when called:    3
 This function calls:
		Nothing
 This function is called by:
		_write_2bytedata
 This function uses a non-reentrant model


 *************** function ___xxtofl *****************
 Defined at:
		line 10 in file "C:\Program Files (x86)\Microchip\xc8\v2.10\pic\sources\c99\common\xxtofl.c"
 Parameters:    Size  Location     Type
  sign            1    wreg     unsigned char 
  val             4    9[COMRAM] long 
 Auto vars:     Size  Location     Type
  sign            1   17[COMRAM] unsigned char 
  arg             4   19[COMRAM] unsigned long 
  exp             1   18[COMRAM] unsigned char 
 Return value:  Size  Location     Type
                  4    9[COMRAM] unsigned char 
 Registers used:
		wreg, status,2, status,0
 Tracked objects:
		On entry : 
		On exit  : 
		Unchanged: 
 Data sizes:     COMRAM   BANK0   BANK1   BANK2   BANK3   BANK4   BANK5   BANK6   BANK7   BANK8   BANK9  BANK10  BANK11  BANK12  BANK13  BANK14  BANK15
      Params:         4       0       0       0       0       0       0       0       0       0       0       0       0       0       0       0       0
      Locals:         6       0       0       0       0       0       0       0       0       0       0       0       0       0       0       0       0
      Temps:          4       0       0       0       0       0       0       0       0       0       0       0       0       0       0       0       0
      Totals:        14       0       0       0       0       0       0       0       0       0       0       0       0       0       0       0       0
Total ram usage:       14 bytes
 Hardware stack levels used:    1
 Hardware stack levels required when called:    3
 This function calls:
		Nothing
 This function is called by:
		_main
		_ctrl_task
 This function uses a non-reentrant model


 *************** function ___fltol *****************
 Defined at:
		line 43 in file "C:\Program Files (x86)\Microchip\xc8\v2.10\pic\sources\c99\common\fltol.c"
 Parameters:    Size  Location     Type
  f1              4    4[COMRAM] unsigned char 
 Auto vars:     Size  Location     Type
  exp1            1   13[COMRAM] unsigned char 
  sign1           1   12[COMRAM] unsigned char 
 Return value:  Size  Location     Type
                  4    4[COMRAM] long 
 Registers used:
		wreg, status,2, status,0
 Tracked objects:
		On entry : 
		On exit  : 
		Unchanged: 
 Data sizes:     COMRAM   BANK0   BANK1   BANK2   BANK3   BANK4   BANK5   BANK6   BANK7   BANK8   BANK9  BANK10  BANK11  BANK12  BANK13  BANK14  BANK15
      Params:         4       0       0       0       0       0       0       0       0       0       0       0       0       0       0       0       0
      Locals:         2       0       0       0       0       0       0       0       0       0       0       0       0       0       0       0       0
[...]
 Auto vars:     Size  Location     Type
		None
 Return value:  Size  Location     Type
                  1    wreg      void 
 Registers used:
		wreg, status,2
 Tracked objects:
		On entry : 
		On exit  : 
		Unchanged: 
 Data sizes:     COMRAM   BANK0   BANK1   BANK2   BANK3   BANK4   BANK5   BANK6   BANK7   BANK8   BANK9  BANK10  BANK11  BANK12  BANK13  BANK14  BANK15
      Params:         0       0       0       0       0       0       0       0       0       0       0       0       0       0       0       0       0
      Locals:         0       0       0       0       0       0       0       0       0       0       0       0       0       0       0       0       0
      Temps:          0       0       0       0       0       0       0       0       0       0       0       0       0       0       0       0       0
      Totals:         0       0       0       0       0       0       0       0       0       0       0       0       0       0       0       0       0
Total ram usage:        0 bytes
 Hardware stack levels used:    1
 Hardware stack levels required when called:    3
 This function calls:
		Nothing
 This function is called by:
		_SYSTEM_Initialize
 This function uses a non-reentrant model


 *************** function _ADC_Initialize *****************
 Defined at:
		line 62 in file "mcc_generated_files/adc.c"
 Parameters:    Size  Location     Type
		None
 Auto vars:     Size  Location     Type
		None
 Return value:  Size  Location     Type
                  1    wreg      void 
 Registers used:
		wreg, status,2
 Tracked objects:
		On entry : 
		On exit  : 
		Unchanged: 
 Data sizes:     COMRAM   BANK0   BANK1   BANK2   BANK3   BANK4   BANK5   BANK6   BANK7   BANK8   BANK9  BANK10  BANK11  BANK12  BANK13  BANK14  BANK15
      Params:         0       0       0       0       0       0       0       0       0       0       0       0       0       0       0       0       0
      Locals:         0       0       0       0       0       0       0       0       0       0       0       0       0       0       0       0       0
      Temps:          0       0       0       0       0       0       0       0       0       0       0       0       0       0       0       0       0
      Totals:         0       0       0       0       0       0       0       0       0       0       0       0       0       0       0       0       0
Total ram usage:        0 bytes
 Hardware stack levels used:    1
 Hardware stack levels required when called:    3
 This function calls:
		Nothing
 This function is called by:
		_SYSTEM_Initialize
 This function uses a non-reentrant model


 *************** function _Key_Service *****************
 Defined at:
		line 1411 in file "main.c"
 Parameters:    Size  Location     Type
		None
 Auto vars:     Size  Location     Type
		None
 Return value:  Size  Location     Type
                  1    wreg      void 
 Registers used:
		wreg, status,2, status,0, cstack
 Tracked objects:
		On entry : 
		On exit  : 
		Unchanged: 
 Data sizes:     COMRAM   BANK0   BANK1   BANK2   BANK3   BANK4   BANK5   BANK6   BANK7   BANK8   BANK9  BANK10  BANK11  BANK12  BANK13  BANK14  BANK15
      Params:         0       0       0       0       0       0       0       0       0       0       0       0       0       0       0       0       0
      Locals:         0       0       0       0       0       0       0       0       0       0       0       0       0       0       0       0       0
      Temps:          0       0       0       0       0       0       0       0       0       0       0       0       0       0       0       0       0
      Totals:         0       0       0       0       0       0       0       0       0       0       0       0       0       0       0       0       0
Total ram usage:        0 bytes
 Hardware stack levels used:    1
 Hardware stack levels required when called:    4
 This function calls:
		_Key_Scan
 This function is called by:
		_main
 This function uses a non-reentrant model


 *************** function _Key_Scan *****************
 Defined at:
		line 1451 in file "main.c"
 Parameters:    Size  Location     Type
		None
 Auto vars:     Size  Location     Type
		None
 Return value:  Size  Location     Type
                  1    wreg      unsigned char 
 Registers used:
		wreg
 Tracked objects:
		On entry : 
		On exit  : 
		Unchanged: 
 Data sizes:     COMRAM   BANK0   BANK1   BANK2   BANK3   BANK4   BANK5   BANK6   BANK7   BANK8   BANK9  BANK10  BANK11  BANK12  BANK13  BANK14  BANK15
      Params:         0       0       0       0       0       0       0       0       0       0       0       0       0       0       0       0       0
      Locals:         0       0       0       0       0       0       0       0       0       0       0       0       0       0       0       0       0
      Temps:          0       0       0       0       0       0       0       0       0       0       0       0       0       0       0       0       0
      Totals:         0       0       0       0       0       0       0       0       0       0       0       0       0       0       0       0       0
Total ram usage:        0 bytes
 Hardware stack levels used:    1
 Hardware stack levels required when called:    3
 This function calls:
		Nothing
 This function is called by:
		_Key_Service
 This function uses a non-reentrant model


 *************** function _DATAEE_ReadByte *****************
 Defined at:
		line 199 in file "mcc_generated_files/memory.c"
 Parameters:    Size  Location     Type
  bAdd            2    4[COMRAM] unsigned short 
 Auto vars:     Size  Location     Type
		None
 Return value:  Size  Location     Type
                  1    wreg      unsigned char 
 Registers used:
		wreg, status,2, status,0
 Tracked objects:
		On entry : 
		On exit  : 
		Unchanged: 
 Data sizes:     COMRAM   BANK0   BANK1   BANK2   BANK3   BANK4   BANK5   BANK6   BANK7   BANK8   BANK9  BANK10  BANK11  BANK12  BANK13  BANK14  BANK15
      Params:         2       0       0       0       0       0       0       0       0       0       0       0       0       0       0       0       0
      Locals:         0       0       0       0       0       0       0       0       0       0       0       0       0       0       0       0       0
      Temps:          0       0       0       0       0       0       0       0       0       0       0       0       0       0       0       0       0
      Totals:         2       0       0       0       0       0       0       0       0       0       0       0       0       0       0       0       0
Total ram usage:        2 bytes
 Hardware stack levels used:    1
 Hardware stack levels required when called:    3
 This function calls:
		Nothing
 This function is called by:
		_main
 This function uses a non-reentrant model


 *************** function _ADC_GetConversion *****************
 Defined at:
		line 110 in file "mcc_generated_files/adc.c"
 Parameters:    Size  Location     Type
  channel         1    wreg     enum E5751
 Auto vars:     Size  Location     Type
  channel         1    8[COMRAM] enum E5751
 Return value:  Size  Location     Type
                  2    4[COMRAM] unsigned short 
 Registers used:
		wreg, status,2, status,0
 Tracked objects:
		On entry : 
		On exit  : 
		Unchanged: 
 Data sizes:     COMRAM   BANK0   BANK1   BANK2   BANK3   BANK4   BANK5   BANK6   BANK7   BANK8   BANK9  BANK10  BANK11  BANK12  BANK13  BANK14  BANK15
      Params:         2       0       0       0       0       0       0       0       0       0       0       0       0       0       0       0       0
      Locals:         1       0       0       0       0       0       0       0       0       0       0       0       0       0       0       0       0
      Temps:          2       0       0       0       0       0       0       0       0       0       0       0       0       0       0       0       0
      Totals:         5       0       0       0       0       0       0       0       0       0       0       0       0       0       0       0       0
Total ram usage:        5 bytes
 Hardware stack levels used:    1
 Hardware stack levels required when called:    3
 This function calls:
		Nothing
 This function is called by:
		_main
 This function uses a non-reentrant model


 *************** function _INTERRUPT_InterruptManager *****************
 Defined at:
		line 58 in file "mcc_generated_files/interrupt_manager.c"
 Parameters:    Size  Location     Type
		None
 Auto vars:     Size  Location     Type
		None
 Return value:  Size  Location     Type
                  1    wreg      void 
 Registers used:
		wreg, status,2, status,0, pclath, tosl, cstack
 Tracked objects:
		On entry : 
		On exit  : 
		Unchanged: 
 Data sizes:     COMRAM   BANK0   BANK1   BANK2   BANK3   BANK4   BANK5   BANK6   BANK7   BANK8   BANK9  BANK10  BANK11  BANK12  BANK13  BANK14  BANK15
      Params:         0       0       0       0       0       0       0       0       0       0       0       0       0       0       0       0       0
      Locals:         0       0       0       0       0       0       0       0       0       0       0       0       0       0       0       0       0
      Temps:          2       0       0       0       0       0       0       0       0       0       0       0       0       0       0       0       0
      Totals:         2       0       0       0       0       0       0       0       0       0       0       0       0       0       0       0       0
Total ram usage:        2 bytes
 Hardware stack levels used:    1
 Hardware stack levels required when called:    2
 This function calls:
		_TMR1_ISR
 This function is called by:
		Interrupt level 2
 This function uses a non-reentrant model


 *************** function _TMR1_ISR *****************
 Defined at:
		line 158 in file "mcc_generated_files/tmr1.c"
 Parameters:    Size  Location     Type
		None
 Auto vars:     Size  Location     Type
		None
 Return value:  Size  Location     Type
                  1    wreg      void 
 Registers used:
		wreg, status,2, status,0, pclath, tosl, cstack
 Tracked objects:
		On entry : 
		On exit  : 
		Unchanged: 
 Data sizes:     COMRAM   BANK0   BANK1   BANK2   BANK3   BANK4   BANK5   BANK6   BANK7   BANK8   BANK9  BANK10  BANK11  BANK12  BANK13  BANK14  BANK15
      Params:         0       0       0       0       0       0       0       0       0       0       0       0       0       0       0       0       0
      Locals:         0       0       0       0       0       0       0       0       0       0       0       0       0       0       0       0       0
      Temps:          0       0       0       0       0       0       0       0       0       0       0       0       0       0       0       0       0
      Totals:         0       0       0       0       0       0       0       0       0       0       0       0       0       0       0       0       0
Total ram usage:        0 bytes
 Hardware stack levels used:    1
 Hardware stack levels required when called:    1
 This function calls:
		Absolute function
		_TMR1_DefaultInterruptHandler
		_TMR1_WriteTimer
		_myTimer1ISR
 This function is called by:
		_INTERRUPT_InterruptManager
 This function uses a non-reentrant model


 *************** function _TMR1_DefaultInterruptHandler *****************
 Defined at:
		line 176 in file "mcc_generated_files/tmr1.c"
 Parameters:    Size  Location     Type
		None
 Auto vars:     Size  Location     Type
		None
 Return value:  Size  Location     Type
                  1    wreg      void 
 Registers used:
		None
 Tracked objects:
		On entry : 
		On exit  : 
		Unchanged: 
 Data sizes:     COMRAM   BANK0   BANK1   BANK2   BANK3   BANK4   BANK5   BANK6   BANK7   BANK8   BANK9  BANK10  BANK11  BANK12  BANK13  BANK14  BANK15
      Params:         0       0       0       0       0       0       0       0       0       0       0       0       0       0       0       0       0
      Locals:         0       0       0       0       0       0       0       0       0       0       0       0       0       0       0       0       0
      Temps:          0       0       0       0       0       0       0       0       0       0       0       0       0       0       0       0       0
      Totals:         0       0       0       0       0       0       0       0       0       0       0       0       0       0       0       0       0
Total ram usage:        0 bytes
 Hardware stack levels used:    1
 This function calls:
		Nothing
 This function is called by:
		_TMR1_Initialize
		_TMR1_ISR
 This function uses a non-reentrant model


 *************** function _myTimer1ISR *****************
 Defined at:
		line 966 in file "main.c"
 Parameters:    Size  Location     Type
		None
 Auto vars:     Size  Location     Type
		None
 Return value:  Size  Location     Type
                  1    wreg      void 
 Registers used:
		wreg, status,2, status,0
 Tracked objects:
		On entry : 
		On exit  : 
		Unchanged: 
 Data sizes:     COMRAM   BANK0   BANK1   BANK2   BANK3   BANK4   BANK5   BANK6   BANK7   BANK8   BANK9  BANK10  BANK11  BANK12  BANK13  BANK14  BANK15
      Params:         0       0       0       0       0       0       0       0       0       0       0       0       0       0       0       0       0
      Locals:         0       0       0       0       0       0       0       0       0       0       0       0       0       0       0       0       0
      Temps:          0       0       0       0       0       0       0       0       0       0       0       0       0       0       0       0       0
      Totals:         0       0       0       0       0       0       0       0       0       0       0       0       0       0       0       0       0
Total ram usage:        0 bytes
 Hardware stack levels used:    1
 This function calls:
		Nothing
 This function is called by:
		_main
		_TMR1_ISR
 This function uses a non-reentrant model


 *************** function _TMR1_WriteTimer *****************
 Defined at:
		line 121 in file "mcc_generated_files/tmr1.c"
 Parameters:    Size  Location     Type
  timerVal        2    0[COMRAM] unsigned short 
 Auto vars:     Size  Location     Type
		None
 Return value:  Size  Location     Type
                  1    wreg      void 
 Registers used:
		wreg, status,2
 Tracked objects:
		On entry : 
		On exit  : 
		Unchanged: 
 Data sizes:     COMRAM   BANK0   BANK1   BANK2   BANK3   BANK4   BANK5   BANK6   BANK7   BANK8   BANK9  BANK10  BANK11  BANK12  BANK13  BANK14  BANK15
      Params:         2       0       0       0       0       0       0       0       0       0       0       0       0       0       0       0       0
      Locals:         0       0       0       0       0       0       0       0       0       0       0       0       0       0       0       0       0
      Temps:          0       0       0       0       0       0       0       0       0       0       0       0       0       0       0       0       0
      Totals:         2       0       0       0       0       0       0       0       0       0       0       0       0       0       0       0       0
Total ram usage:        2 bytes
 Hardware stack levels used:    1
 This function calls:
		Nothing
 This function is called by:
		_TMR1_ISR
		_TMR1_Reload
 This function uses a non-reentrant model



MODULE INFORMATION

Module		Function		Class		Link	Load	Size
C:\Program Files (x86)\Microchip\xc8\v2.10\pic\sources\c99\common\xxtofl.c
		___xxtofl      		CODE           	2E8C	0000	437

C:\Program Files (x86)\Microchip\xc8\v2.10\pic\sources\c99\common\xxtofl.c estimated size: 437

mcc_generated_files/interrupt_manager.c
		_INTERRUPT_Initialize		CODE           	3FAA	0000	5
		_INTERRUPT_InterruptManager		CODE           	0008	0000	69

mcc_generated_files/interrupt_manager.c estimated size: 74

C:\Program Files (x86)\Microchip\xc8\v2.10\pic\sources\c99\common\lwdiv.c
		___lwdiv       		CODE           	3B52	0000	117

C:\Program Files (x86)\Microchip\xc8\v2.10\pic\sources\c99\common\lwdiv.c estimated size: 117

C:\Program Files (x86)\Microchip\xc8\v2.10\pic\sources\c99\common\awdiv.c
		___awdiv       		CODE           	389A	0000	197

C:\Program Files (x86)\Microchip\xc8\v2.10\pic\sources\c99\common\awdiv.c estimated size: 197

C:\Program Files (x86)\Microchip\xc8\v2.10\pic\sources\c99\common\fltol.c
		___fltol       		CODE           	34B0	0000	263

C:\Program Files (x86)\Microchip\xc8\v2.10\pic\sources\c99\common\fltol.c estimated size: 263

mcc_generated_files/tmr0.c
		_TMR0_ReadTimer		CODE           	3FA6	0000	5
		_TMR0_HasOverflowOccured		CODE           	3F64	0000	21
		_TMR0_Initialize		CODE           	3F24	0000	23

mcc_generated_files/tmr0.c estimated size: 49

mcc_generated_files/pin_manager.c
		_PIN_MANAGER_Initialize		CODE           	3E34	0000	45

mcc_generated_files/pin_manager.c estimated size: 45

C:\Program Files (x86)\Microchip\xc8\v2.10\pic\sources\c99\common\sprcmul.c
		___flmul       		CODE           	243E	0000	1067

C:\Program Files (x86)\Microchip\xc8\v2.10\pic\sources\c99\common\sprcmul.c estimated size: 1067

C:\Program Files (x86)\Microchip\xc8\v2.10\pic\sources\c99\common\sprcdiv.c
		___fldiv       		CODE           	2868	0000	923

C:\Program Files (x86)\Microchip\xc8\v2.10\pic\sources\c99\common\sprcdiv.c estimated size: 923

mcc_generated_files/adc.c
		_ADC_Initialize		CODE           	3F3A	0000	23
		_ADC_GetConversion		CODE           	3DFA	0000	59

mcc_generated_files/adc.c estimated size: 82

C:\Program Files (x86)\Microchip\xc8\v2.10\pic\sources\c99\common\flge.c
		___flge        		CODE           	35B6	0000	261

C:\Program Files (x86)\Microchip\xc8\v2.10\pic\sources\c99\common\flge.c estimated size: 261

shared
		__initialization		CODE           	3BC6	0000	101

shared estimated size: 101

mcc_generated_files/mcc.c
		_OSCILLATOR_Initialize		CODE           	3EF0	0000	29
		_SYSTEM_Initialize		CODE           	3EB2	0000	35

mcc_generated_files/mcc.c estimated size: 64

mcc_generated_files/tmr3.c
		_TMR3_HasOverflowOccured		CODE           	3F50	0000	21
		_TMR3_Initialize		CODE           	3ED4	0000	29
		_TMR3_ReadTimer		CODE           	3F88	0000	13

mcc_generated_files/tmr3.c estimated size: 63

C:\Program Files (x86)\Microchip\xc8\v2.10\pic\sources\c99\common\sprcadd.c
		___flsub       		CODE           	3CF2	0000	71
		___fladd       		CODE           	1F7E	0000	1217

C:\Program Files (x86)\Microchip\xc8\v2.10\pic\sources\c99\common\sprcadd.c estimated size: 1288

mcc_generated_files/tmr1.c
		_TMR1_Initialize		CODE           	3E60	0000	43
		_TMR1_SetInterruptHandler		CODE           	3F94	0000	11
		_TMR1_DefaultInterruptHandler		CODE           	3FAE	0000	3
		_TMR1_WriteTimer		CODE           	3E8A	0000	41
		_TMR1_ISR      		CODE           	3DBC	0000	63

mcc_generated_files/tmr1.c estimated size: 161

mcc_generated_files/memory.c
		_DATAEE_WriteByte		CODE           	3D38	0000	69
		_DATAEE_ReadByte		CODE           	3F0C	0000	25

mcc_generated_files/memory.c estimated size: 94

C:\Program Files (x86)\Microchip\xc8\v2.10\pic\sources\c99\common\lwmod.c
		___lwmod       		CODE           	3C38	0000	101

C:\Program Files (x86)\Microchip\xc8\v2.10\pic\sources\c99\common\lwmod.c estimated size: 101

mcc_generated_files/ccp5.c
		_CCP5_Initialize		CODE           	3F78	0000	17

mcc_generated_files/ccp5.c estimated size: 17

main.c
		_Sring_7segdisplay		CODE           	316A	0000	291
		_display7seg   		CODE           	339E	0000	275
		_sev_display1  		CODE           	395E	0000	197
		_sev_display2  		CODE           	36BA	0000	253
		_display7seg2  		CODE           	328C	0000	275
		_low_pass_filter		CODE           	3040	0000	299
		_write_2bytedata		CODE           	3C9C	0000	87
		_main          		CODE           	0050	0000	4945
		_myTimer1ISR   		CODE           	3A22	0000	167
		_mask          		CODE           	2C02	0000	651
		_Key_Scan      		CODE           	3D7C	0000	65
		_lowPassExponential		CODE           	37B6	0000	229
		_ctrl_task     		CODE           	13A0	0000	3039
		_Key_Service   		CODE           	3AC8	0000	139

main.c estimated size: 10912

